 AS V1.42 Beta [Bld 275] - Source File code.asm - Page 1 - 09/09/24 20:23:38


    1/   0 :                            ;         TITLE    'JUEGO DE PING-PONG EN 8080!
    2/   0 :                            REBOTE   MACRO    POSIC,ETIQ1,ETIQ2
    3/   0 :                                     LXI      H,POSIC
    4/   0 :                                     MOV      A,M
    5/   0 :                                     SUB      E
    6/   0 :                                     JP       LE1
    7/   0 :                                     CMA
    8/   0 :                                     INR      A
    9/   0 :                            LE1:     CPI      10
   10/   0 :                                     JNC      ETIQ1
   11/   0 :                                     CALL     MINY
   12/   0 :                                     JMP      ETIQ2
   13/   0 :                                     ENDM
   14/   0 : 21 00 00                            LXI      H,0
   15/   3 : 00                                  NOP
   16/   4 : 22 FA 20                            SHLD     CONT
   17/   7 : 21 F8 20                            LXI      H,020F8H
   18/   A : F9                                  SPHL
   19/   B : CD B7 03                            CALL     LP
   20/   E : F2 0C 01                            JP       LOOP3
   21/  11 : C3 34 01                            JMP      LOOP4
   22/  14 :                                     ;
   23/  14 :                                     ;-*-*-*-*-*-*-*-*-*-*-*-*-*-*-*-*-*-*-*-*
   24/  14 :                                     ;
   25/  14 :                                     ; PROGRAMA PRINCIPAL
   26/  14 :                                     ; CONTROLA EL MOVIMIENTO DE LA PELOTA
   27/  14 :                                     ;
   28/  14 :                                     ;
   29/  14 :                                     ;
   30/  14 : CD 90 01                   LA:      CALL     DBOL
   31/  17 : 21 F8 20                            LXI      H,INXY
   32/  1A : 4E                                  MOV      C,M
   33/  1B : 0D                         LA1:     DCR      C
   34/  1C : CA 3B 00                            JZ       LA11
   35/  1F : 14                                  INR      D
   36/  20 : 7A                                  MOV      A,D
   37/  21 : FE 75                               CPI      75H
   38/  23 : C2 1B 00                            JNZ      LA1
   39/  26 : (MACRO)                             REBOTE   PXY,LOOP1,LC
   39/  26 : 21 FC 20                            LXI      H,PXY
   39/  29 : 7E                                  MOV      A,M
   39/  2A : 93                                  SUB      E
   39/  2B : F2 30 00                            JP       LE1
   39/  2E : 2F                                  CMA
   39/  2F : 3C                                  INR      A
   39/  30 : FE 0A                      LE1:     CPI      10
   39/  32 : D2 FF 00                            JNC      LOOP1
   39/  35 : CD EA 00                            CALL     MINY
   39/  38 : C3 7F 00                            JMP      LC
   40/  3B :                            
   41/  3B :                            ;;;;;;;;;;;;;;;;;;;;;;;;;;;;;;;;;; PAG 1 ;;;;;;;;;;;;;;;;;;;;;;;;;;;;;;;;;;
   42/  3B :                            ;;;;;;;;;;;;;;;;;;;;;;;;;;;;;;;;;;;;;;;;;;;;;;;;;;;;;;;;;;;;;;;;;;;;;;;;;;;
   43/  3B :                            
   44/  3B : 23                         LA11:    INX      H
   45/  3C : 4E                                  MOV      C,M
   46/  3D : 0D                         LA2:     DCR      C
   47/  3E : CA 14 00                            JZ       LA
   48/  41 : 1C                                  INR      E
   49/  42 : 7B                                  MOV      A,E
   50/  43 : FE 5E                               CPI      5EH
 AS V1.42 Beta [Bld 275] - Source File code.asm - Page 2 - 09/09/24 20:23:38


   51/  45 : C2 3D 00                            JNZ      LA2
   52/  48 : CD 90 01                   LB:      CALL     DBOL
   53/  4B : 21 F8 20                            LXI      H,INXY
   54/  4E : 4E                                  MOV      C,M
   55/  4F : 0D                         LB1:     DCR      C
   56/  50 : CA 6F 00                            JZ       LB11
   57/  53 : 14                                  INR      D
   58/  54 : 7A                                  MOV      A,D
   59/  55 : FE 75                               CPI      75H   
   60/  57 : C2 4F 00                            JNZ      LB1
   61/  5A : (MACRO)                             REBOTE   PXY,LOOP1,LD
   61/  5A : 21 FC 20                            LXI      H,PXY
   61/  5D : 7E                                  MOV      A,M
   61/  5E : 93                                  SUB      E
   61/  5F : F2 64 00                            JP       LE1
   61/  62 : 2F                                  CMA
   61/  63 : 3C                                  INR      A
   61/  64 : FE 0A                      LE1:     CPI      10
   61/  66 : D2 FF 00                            JNC      LOOP1
   61/  69 : CD EA 00                            CALL     MINY
   61/  6C : C3 B3 00                            JMP      LD
   62/  6F :                            
   63/  6F :                            
   64/  6F : 23                         LB11:    INX      H
   65/  70 : 4E                                  MOV      C,M
   66/  71 : 0D                         LB2:     DCR      C
   67/  72 : CA 48 00                            JZ       LB
   68/  75 : 1D                                  DCR      E
   69/  76 : 7B                                  MOV      A,E
   70/  77 : FE A2                               CPI      0A2H  
   71/  79 : CA 14 00                            JZ       LA
   72/  7C : C3 71 00                            JMP      LB2
   73/  7F : CD 90 01                   LC:      CALL     DBOL
   74/  82 : 21 F8 20                            LXI      H,INXY
   75/  85 : 4E                                  MOV      C,M
   76/  86 : 0D                         LC1:     DCR      C
   77/  87 : CA A6 00                            JZ       LC11  
   78/  8A : 15                                  DCR      D
   79/  8B : 7A                                  MOV      A,D
   80/  8C : FE 8A                               CPI      8AH
   81/  8E : C2 86 00                            JNZ      LC1
   82/  91 : (MACRO)                             REBOTE   PXY+1,LOOP2,LA
   82/  91 : 21 FD 20                            LXI      H,PXY+1
   82/  94 : 7E                                  MOV      A,M
   82/  95 : 93                                  SUB      E
   82/  96 : F2 9B 00                            JP       LE1
   82/  99 : 2F                                  CMA
   82/  9A : 3C                                  INR      A
   82/  9B : FE 0A                      LE1:     CPI      10
   82/  9D : D2 27 01                            JNC      LOOP2
   82/  A0 : CD EA 00                            CALL     MINY
   82/  A3 : C3 14 00                            JMP      LA
   83/  A6 :                            
   84/  A6 :                            ;;;;;;;;;;;;;;;;;;;;;;;;;;;;;;;;;; PAG 2 ;;;;;;;;;;;;;;;;;;;;;;;;;;;;;;;;;;
   85/  A6 :                            ;;;;;;;;;;;;;;;;;;;;;;;;;;;;;;;;;;;;;;;;;;;;;;;;;;;;;;;;;;;;;;;;;;;;;;;;;;;
   86/  A6 :                            
   87/  A6 :                            
   88/  A6 : 23                         LC11:    INX      H
   89/  A7 : 4E                                  MOV      C,M
   90/  A8 : 0D                         LC2:     DCR      C
 AS V1.42 Beta [Bld 275] - Source File code.asm - Page 3 - 09/09/24 20:23:38


   91/  A9 : CA 7F 00                            JZ       LC 
   92/  AC : 1C                                  INR      E
   93/  AD : 7B                                  MOV      A,E
   94/  AE : FE 5E                               CPI      5EH
   95/  B0 : C2 A8 00                            JNZ      LC2
   96/  B3 : CD 90 01                   LD:      CALL     DBOL
   97/  B6 : 21 F8 20                            LXI      H,INXY
   98/  B9 : 4E                                  MOV      C,M
   99/  BA : 0D                         LD1:     DCR      C
  100/  BB : CA DA 00                            JZ       LD11
  101/  BE : 15                                  DCR      D
  102/  BF : 7A                                  MOV      A,D
  103/  C0 : FE 8A                               CPI      8AH   
  104/  C2 : C2 BA 00                            JNZ      LD1
  105/  C5 : (MACRO)                             REBOTE   PXY+1,LOOP2,LB
  105/  C5 : 21 FD 20                            LXI      H,PXY+1
  105/  C8 : 7E                                  MOV      A,M
  105/  C9 : 93                                  SUB      E
  105/  CA : F2 CF 00                            JP       LE1
  105/  CD : 2F                                  CMA
  105/  CE : 3C                                  INR      A
  105/  CF : FE 0A                      LE1:     CPI      10
  105/  D1 : D2 27 01                            JNC      LOOP2
  105/  D4 : CD EA 00                            CALL     MINY
  105/  D7 : C3 48 00                            JMP      LB
  106/  DA :                            
  107/  DA : 23                         LD11:    INX      H
  108/  DB : 4E                                  MOV      C,M
  109/  DC : 0D                         LD2:     DCR      C
  110/  DD : CA B3 00                            JZ       LD 
  111/  E0 : 1D                                  DCR      E
  112/  E1 : 7B                                  MOV      A,E
  113/  E2 : FE A2                               CPI      0A2H
  114/  E4 : CA 7F 00                            JZ       LC
  115/  E7 : C3 DC 00                            JMP      LD2
  116/  EA :                                     ;
  117/  EA :                                     ;-*-*-*-*-*-*-*-*-*-*-*-*-*-*-*-*-*-*-*-*
  118/  EA :                                     ;
  119/  EA :                            
  120/  EA :                            ;;;;;;;;;;;;;;;;;;;;;;;;;;;;;;;;;; PAG 3 ;;;;;;;;;;;;;;;;;;;;;;;;;;;;;;;;;;
  121/  EA :                            ;;;;;;;;;;;;;;;;;;;;;;;;;;;;;;;;;;;;;;;;;;;;;;;;;;;;;;;;;;;;;;;;;;;;;;;;;;;
  122/  EA :                            
  123/  EA :                                     ; SUBRUTINA MINY. PRODUCE EL EFECTO DE
  124/  EA :                                     ; REBOTE NO ESPECULAR EN LA PALETA, SE-
  125/  EA :                                     ; GUN LA PROXIMIDAD DEL REBOTE AL BORDE
  126/  EA :                                     ; DE LA MISMA
  127/  EA :                                     ;
  128/  EA :                                     ;
  129/  EA :                                     ;
  130/  EA : 21 F8 20                   MINY:    LXI      H,INXY
  131/  ED : B7                                  ORA      A
  132/  EE : 1F                                  RAR
  133/  EF : 36 05                               MVI      M,5      
  134/  F1 : FE 04                               CPI      4
  135/  F3 : C2 F8 00                            JNZ      MINY1 
  136/  F6 : 34                                  INR      M
  137/  F7 : 34                                  INR      M
  138/  F8 : 23                         MINY1:   INX      H
  139/  F9 : DE 05                               SBI      5
  140/  FB : 2F                                  CMA
 AS V1.42 Beta [Bld 275] - Source File code.asm - Page 4 - 09/09/24 20:23:38


  141/  FC : 3C                                  INR      A
  142/  FD : 77                                  MOV      M,A
  143/  FE : C9                                  RET
  144/  FF : 21 FA 20                   LOOP1:   LXI      H,CONT
  145/ 102 : AF                                  XRA      A
  146/ 103 : 7E                                  MOV      A,M
  147/ 104 : 3C                                  INR      A
  148/ 105 : 27                                  DAA
  149/ 106 : 77                                  MOV      M,A
  150/ 107 : FE 21                               CPI      21H   
  151/ 109 : D4 4F 01                            CNC      COMP
  152/ 10C : CD B7 03                   LOOP3:   CALL     LP
  153/ 10F : 21 FF 20                            LXI      H,AZD+1
  154/ 112 : E6 7F                               ANI      7FH
  155/ 114 : 57                                  MOV      D,A
  156/ 115 : 5E                                  MOV      E,M
  157/ 116 : CD 84 01                            CALL     STOP
  158/ 119 : 21 05 05                            LXI      H,0505H
  159/ 11C : 22 F8 20                            SHLD     INXY
  160/ 11F : 7B                                  MOV      A,E
  161/ 120 : 1F                                  RAR
  162/ 121 : DA B3 00                            JC       LD
  163/ 124 : C3 7F 00                            JMP      LC
  164/ 127 : 21 FB 20                   LOOP2:   LXI      H,CONT+1
  165/ 12A : AF                                  XRA      A
  166/ 12B : 7E                                  MOV      A,M
  167/ 12C : 3C                                  INR      A
  168/ 12D : 27                                  DAA
  169/ 12E : 77                                  MOV      M,A
  170/ 12F : FE 21                               CPI      21H   
  171/ 131 : D4 4F 01                            CNC      COMP
  172/ 134 : CD B7 03                   LOOP4:   CALL     LP 
  173/ 137 :                            
  174/ 137 :                            ;;;;;;;;;;;;;;;;;;;;;;;;;;;;;;;;;; PAG 4 ;;;;;;;;;;;;;;;;;;;;;;;;;;;;;;;;;;
  175/ 137 :                            ;;;;;;;;;;;;;;;;;;;;;;;;;;;;;;;;;;;;;;;;;;;;;;;;;;;;;;;;;;;;;;;;;;;;;;;;;;;
  176/ 137 :                            
  177/ 137 : 21 FF 20                            LXI      H,AZD+1
  178/ 13A : F6 80                               ORI      80H
  179/ 13C : 57                                  MOV      D,A
  180/ 13D : 5E                                  MOV      E,M
  181/ 13E : CD 84 01                            CALL     STOP
  182/ 141 : 21 05 05                            LXI      H,0505H
  183/ 144 : 22 F8 20                            SHLD     INXY
  184/ 147 : 7B                                  MOV      A,E
  185/ 148 : 1F                                  RAR
  186/ 149 : DA 48 00                            JC       LB
  187/ 14C : C3 14 00                            JMP      LA 
  188/ 14F :                                     ;
  189/ 14F :                                     ;-*-*-*-*-*-*-*-*-*-*-*-*-*-*-*-*-*-*-*-*
  190/ 14F :                                     ;
  191/ 14F :                                     ; COMP EXIGE QUE PARA GANAR LA PARTIDA
  192/ 14F :                                     ; HAYA UNA VENTAJA DE POR LO MENOS DOS
  193/ 14F :                                     ; PUNTOS EN EL MARACADOR
  194/ 14F :                                     ;
  195/ 14F :                                     ;
  196/ 14F :                                     ;
  197/ 14F : 21 FA 20                   COMP:    LXI      H,CONT
  198/ 152 : 7E                                  MOV      A,M
  199/ 153 : 47                                  MOV      B,A
  200/ 154 : 23                                  INX      H
 AS V1.42 Beta [Bld 275] - Source File code.asm - Page 5 - 09/09/24 20:23:38


  201/ 155 : 4E                                  MOV      C,M
  202/ 156 : B9                                  CMP      C
  203/ 157 : C8                                  RZ 
  204/ 158 : DA 66 01                            JC       COMP1
  205/ 15B : AF                                  XRA      A
  206/ 15C : 79                                  MOV      A,C
  207/ 15D : 3C                                  INR      A
  208/ 15E : 27                                  DAA
  209/ 15F : 4F                                  MOV      C,A
  210/ 160 : 78                                  MOV      A,B
  211/ 161 : B9                                  CMP      C
  212/ 162 : C8                                  RZ 
  213/ 163 : C3 6F 01                            JMP      FINPA
  214/ 166 : AF                         COMP1:   XRA      A
  215/ 167 : 78                                  MOV      A,B
  216/ 168 : 3C                                  INR      A
  217/ 169 : 27                                  DAA
  218/ 16A : B9                                  CMP      C
  219/ 16B : C8                                  RZ 
  220/ 16C : C3 6F 01                            JMP      FINPA
  221/ 16F :                                     ;
  222/ 16F :                                     ;-*-*-*-*-*-*-*-*-*-*-*-*-*-*-*-*-*-*-*-*
  223/ 16F :                                     ;
  224/ 16F :                                     ; BUCLE PARA FINAL DE PARTIDA
  225/ 16F :                                     ;
  226/ 16F :                                     ;
  227/ 16F :                            
  228/ 16F :                            ;;;;;;;;;;;;;;;;;;;;;;;;;;;;;;;;;; PAG 5 ;;;;;;;;;;;;;;;;;;;;;;;;;;;;;;;;;;
  229/ 16F :                            ;;;;;;;;;;;;;;;;;;;;;;;;;;;;;;;;;;;;;;;;;;;;;;;;;;;;;;;;;;;;;;;;;;;;;;;;;;;
  230/ 16F :                            
  231/ 16F : 1E 0A                      FINPA:   MVI      E,10
  232/ 171 : CD CB 01                   FINP1:   CALL     CDIS
  233/ 174 : 1D                                  DCR      E
  234/ 175 : C2 71 01                            JNZ      FINP1
  235/ 178 : 1E 0A                               MVI      E,10
  236/ 17A : CD CE 01                   FINP2:   CALL     RECT
  237/ 17D : 1D                                  DCR      E
  238/ 17E : C2 7A 01                            JNZ      FINP2
  239/ 181 : C3 6F 01                            JMP      FINPA
  240/ 184 :                            
  241/ 184 :                                     ;
  242/ 184 :                                     ;-*-*-*-*-*-*-*-*-*-*-*-*-*-*-*-*-*-*-*-*
  243/ 184 :                                     ; RETARDO ENTRE FIN DE UNA JUGADA Y FINP2
  244/ 184 :                                     ; SAQUE DE LA SIGUIENTE
  245/ 184 :                                     ;
  246/ 184 :                                     ;
  247/ 184 :                                     ;
  248/ 184 : D5                         STOP:    PUSH     D
  249/ 185 : 1E 50                               MVI      E, 050H
  250/ 187 : CD CB 01                   STOP1:   CALL     CDIS
  251/ 18A : 1D                                  DCR      E
  252/ 18B : C2 87 01                            JNZ      STOP1
  253/ 18E : D1                                  POP      D
  254/ 18F : C9                                  RET
  255/ 190 :                                     ;
  256/ 190 :                                     ;-*-*-*-*-*-*-*-*-*-*-*-*-*-*-*-*-*-*-*-*
  257/ 190 :                                     ; DBOL EFECTUA LA PRESENTACION EN PANTALLA
  258/ 190 :                                     ; DE LA PELOTA
  259/ 190 :                                     ;
  260/ 190 :                                     ;
 AS V1.42 Beta [Bld 275] - Source File code.asm - Page 6 - 09/09/24 20:23:38


  261/ 190 :                                     ;
  262/ 190 : 7A                         DBOL:    MOV      A,D
  263/ 191 : D3 00                               OUT      0
  264/ 193 : 7B                                  MOV      A,E
  265/ 194 : D3 01                               OUT      1
  266/ 196 : 15                                  DCR      D
  267/ 197 : 15                                  DCR      D
  268/ 198 : 1D                                  DCR      E
  269/ 199 : 1D                                  DCR      E
  270/ 19A : 7B                                  MOV      A,E
  271/ 19B : D3 01                               OUT      1
  272/ 19D : 7A                                  MOV      A,D
  273/ 19E : 06 05                               MVI      B,5
  274/ 1A0 : D3 00                      L11:     OUT      0
  275/ 1A2 : 3C                                  INR      A
  276/ 1A3 : 05                                  DCR      B
  277/ 1A4 : C2 A0 01                            JNZ      L11   
  278/ 1A7 : 4F                                  MOV      C,A
  279/ 1A8 :                                     
  280/ 1A8 :                            
  281/ 1A8 :                            ;;;;;;;;;;;;;;;;;;;;;;;;;;;;;;;;;; PAG 6 ;;;;;;;;;;;;;;;;;;;;;;;;;;;;;;;;;;
  282/ 1A8 :                            ;;;;;;;;;;;;;;;;;;;;;;;;;;;;;;;;;;;;;;;;;;;;;;;;;;;;;;;;;;;;;;;;;;;;;;;;;;;
  283/ 1A8 :                            
  284/ 1A8 : 7B                                  MOV      A,E
  285/ 1A9 : 06 05                               MVI      B,5  
  286/ 1AB : D3 01                      L12:     OUT      1
  287/ 1AD : 3C                                  INR      A
  288/ 1AE : 05                                  DCR      B
  289/ 1AF : C2 AB 01                            JNZ      L12   
  290/ 1B2 : 06 05                               MVI      B,5      
  291/ 1B4 : 67                                  MOV      H,A
  292/ 1B5 : 79                                  MOV      A,C
  293/ 1B6 : D3 00                      L13:     OUT      0
  294/ 1B8 : 3D                                  DCR      A
  295/ 1B9 : 05                                  DCR      B
  296/ 1BA : C2 B6 01                            JNZ      L13
  297/ 1BD : 06 05                               MVI      B,5
  298/ 1BF : 7C                                  MOV      A,H
  299/ 1C0 : D3 01                      L14:     OUT      1  
  300/ 1C2 : 3D                                  DCR      A
  301/ 1C3 : 05                                  DCR      B
  302/ 1C4 : C2 C0 01                            JNZ      L14
  303/ 1C7 : 14                                  INR      D
  304/ 1C8 : 14                                  INR      D
  305/ 1C9 : 1C                                  INR      E
  306/ 1CA : 1C                                  INR      E
  307/ 1CB :                                     ;
  308/ 1CB :                                     ;-*-*-*-*-*-*-*-*-*-*-*-*-*-*-*-*-*-*-*-*
  309/ 1CB :                                     ; CDIS LLAMA A LA SUBRUTINA DE PRESEN-
  310/ 1CB :                                     ; TACION DEL MARCADOR EN LA PANTALLA
  311/ 1CB :                                     ;
  312/ 1CB :                                     ;
  313/ 1CB :                                     ;
  314/ 1CB : CD 5C 02                   CDIS:    CALL     DISM
  315/ 1CE :                                     ;
  316/ 1CE :                                     ;-*-*-*-*-*-*-*-*-*-*-*-*-*-*-*-*-*-*-*-*         
  317/ 1CE :                                     ; RECT DIBUJA EL RECTANGULO
  318/ 1CE :                                     ;
  319/ 1CE :                                     ;
  320/ 1CE :                                     ;
 AS V1.42 Beta [Bld 275] - Source File code.asm - Page 7 - 09/09/24 20:23:38


  321/ 1CE : 3E A0                      RECT:    MVI      A,0A0H
  322/ 1D0 : D3 01                               OUT      1
  323/ 1D2 : 3E 80                               MVI      A,80H
  324/ 1D4 : D3 00                      L1:      OUT      0
  325/ 1D6 : 3C                                  INR      A
  326/ 1D7 : FE 7F                               CPI      7FH
  327/ 1D9 : C2 D4 01                            JNZ      L1
  328/ 1DC : 3E A0                               MVI      A,0A0H   
  329/ 1DE : D3 01                      L2:      OUT      1
  330/ 1E0 : 3C                                  INR      A
  331/ 1E1 : FE 60                               CPI      60H
  332/ 1E3 :                            
  333/ 1E3 :                            ;;;;;;;;;;;;;;;;;;;;;;;;;;;;;;;;;; PAG 7 ;;;;;;;;;;;;;;;;;;;;;;;;;;;;;;;;;;
  334/ 1E3 :                            ;;;;;;;;;;;;;;;;;;;;;;;;;;;;;;;;;;;;;;;;;;;;;;;;;;;;;;;;;;;;;;;;;;;;;;;;;;;      
  335/ 1E3 :                            
  336/ 1E3 : C2 DE 01                            JNZ      L2
  337/ 1E6 : 3E 7F                               MVI      A,7FH
  338/ 1E8 : D3 00                      L3:      OUT      0
  339/ 1EA : 3D                                  DCR      A
  340/ 1EB : FE 80                               CPI      80H
  341/ 1ED : C2 E8 01                            JNZ      L3 
  342/ 1F0 : 3E 60                               MVI      A,60H 
  343/ 1F2 : D3 01                      L4:      OUT      1
  344/ 1F4 : 3D                                  DCR      A
  345/ 1F5 : FE A0                               CPI      0A0H
  346/ 1F7 : C2 F2 01                            JNZ      L4
  347/ 1FA : CD 1D 02                            CALL     PAL
  348/ 1FD : C9                                  RET
  349/ 1FE :                                     ;
  350/ 1FE :                                     ;-*-*-*-*-*-*-*-*-*-*-*-*-*-*-*-*-*-*-*-*
  351/ 1FE :                                     ; RED EFECTUA EL DIBUJO DE LA RED
  352/ 1FE :                                     ;
  353/ 1FE :                                     ;
  354/ 1FE :                                     ;
  355/ 1FE : 3E 00                      RED:     MVI      A,0
  356/ 200 : D3 00                               OUT      0
  357/ 202 : 3E A0                               MVI      A,0A0H
  358/ 204 : 06 0A                      R2:      MVI      B,10
  359/ 206 : D3 01                      R1:      OUT      1
  360/ 208 : 3C                                  INR      A
  361/ 209 : FE 60                               CPI      60H
  362/ 20B : CA 1C 02                            JZ       FINR  
  363/ 20E : 05                                  DCR      B
  364/ 20F : C2 06 02                            JNZ      R1 
  365/ 212 : C6 10                               ADI      10H
  366/ 214 : FA 04 02                            JM       R2
  367/ 217 : FE 60                               CPI      60H
  368/ 219 : DA 04 02                            JC       R2
  369/ 21C : C9                         FINR:    RET
  370/ 21D :                                     ;
  371/ 21D :                                     ;-*-*-*-*-*-*-*-*-*-*-*-*-*-*-*-*-*-*-*-*
  372/ 21D :                                     ; PAL LEE LA POSICION DE LAS PALETAS Y FINR
  373/ 21D :                                     ; EFECTUA SU PRESENTACION EN LA PANTALLA
  374/ 21D :                                     ;
  375/ 21D :                                     ;
  376/ 21D :                                     ;
  377/ 21D : DB 00                      PAL:     IN       0
  378/ 21F : 21 FC 20                            LXI      H,PXY
  379/ 222 : 77                                  MOV      M,A
  380/ 223 : 3E 22                               MVI      A,22H
 AS V1.42 Beta [Bld 275] - Source File code.asm - Page 8 - 09/09/24 20:23:38


  381/ 225 : D3 02                               OUT      2
  382/ 227 : 3E 02                               MVI      A,02H
  383/ 229 : D3 02                               OUT      2
  384/ 22B :                            
  385/ 22B :                            ;;;;;;;;;;;;;;;;;;;;;;;;;;;;;;;;;; PAG 8 ;;;;;;;;;;;;;;;;;;;;;;;;;;;;;;;;;;
  386/ 22B :                            ;;;;;;;;;;;;;;;;;;;;;;;;;;;;;;;;;;;;;;;;;;;;;;;;;;;;;;;;;;;;;;;;;;;;;;;;;;;                      
  387/ 22B :                            
  388/ 22B : CD FE 01                            CALL     RED
  389/ 22E : DB 00                               IN       0
  390/ 230 : 23                                  INX      H
  391/ 231 : 77                                  MOV      M,A
  392/ 232 : 3E 21                               MVI      A,21H
  393/ 234 : D3 02                               OUT      2
  394/ 236 : 3E 01                               MVI      A,01H
  395/ 238 : D3 02                               OUT      2
  396/ 23A : 3E 88                               MVI      A,88H
  397/ 23C : D3 00                               OUT      0
  398/ 23E : 7E                                  MOV      A,M
  399/ 23F : D6 0A                               SUI      10
  400/ 241 : 06 14                               MVI      B,20
  401/ 243 : D3 01                      L23:     OUT      1
  402/ 245 : 3C                                  INR      A
  403/ 246 : 05                                  DCR      B
  404/ 247 : C2 43 02                            JNZ      L23
  405/ 24A : 3E 77                               MVI      A,77H
  406/ 24C : D3 00                               OUT      0
  407/ 24E : 06 14                               MVI      B,20
  408/ 250 : 2B                                  DCX      H
  409/ 251 : 7E                                  MOV      A,M
  410/ 252 : D6 0A                               SUI      10
  411/ 254 : D3 01                      L24:     OUT      1
  412/ 256 : 3C                                  INR      A
  413/ 257 : 05                                  DCR      B
  414/ 258 : C2 54 02                            JNZ      L24
  415/ 25B : C9                                  RET
  416/ 25C :                                     ;
  417/ 25C :                                     ;-*-*-*-*-*-*-*-*-*-*-*-*-*-*-*-*-*-*-*-*
  418/ 25C :                                     ; DISM EFECTUA LA PRESENTACION DEL 
  419/ 25C :                                     ; MARCADOR EN LA PANTALLA
  420/ 25C :                                     ;
  421/ 25C :                                     ;
  422/ 25C :                                     ;
  423/ 25C : D5                         DISM:    PUSH     D
  424/ 25D : 21 FA 20                            LXI      H,CONT
  425/ 260 : 16 E0                               MVI      D,0E0H
  426/ 262 : 1E 40                               MVI      E,40H
  427/ 264 : 7E                                  MOV      A,M
  428/ 265 : E6 0F                               ANI      0FH
  429/ 267 : CD 9B 02                            CALL     DIS
  430/ 26A : 21 FA 20                            LXI      H,CONT
  431/ 26D : 16 D0                               MVI      D,0D0H
  432/ 26F : 1E 40                               MVI      E,40H
  433/ 271 : 7E                                  MOV      A,M
  434/ 272 : 07                                  RLC
  435/ 273 : 07                                  RLC
  436/ 274 : 07                                  RLC
  437/ 275 :                            
  438/ 275 :                            ;;;;;;;;;;;;;;;;;;;;;;;;;;;;;;;;;; PAG 9 ;;;;;;;;;;;;;;;;;;;;;;;;;;;;;;;;;;
  439/ 275 :                            ;;;;;;;;;;;;;;;;;;;;;;;;;;;;;;;;;;;;;;;;;;;;;;;;;;;;;;;;;;;;;;;;;;;;;;;;;;;    
  440/ 275 :                            
 AS V1.42 Beta [Bld 275] - Source File code.asm - Page 9 - 09/09/24 20:23:38


  441/ 275 : 07                                  RLC
  442/ 276 : E6 0F                               ANI      0FH
  443/ 278 : CD 9B 02                            CALL     DIS
  444/ 27B : 21 FB 20                            LXI      H,CONT+1
  445/ 27E : 16 20                               MVI      D,20H
  446/ 280 : 1E 40                               MVI      E,40H
  447/ 282 : 7E                                  MOV      A,M
  448/ 283 : 07                                  RLC
  449/ 284 : 07                                  RLC
  450/ 285 : 07                                  RLC
  451/ 286 : 07                                  RLC
  452/ 287 : E6 0F                               ANI      0FH
  453/ 289 : CD 9B 02                            CALL     DIS
  454/ 28C : 21 FB 20                            LXI      H,CONT+1
  455/ 28F : 16 30                               MVI      D,30H
  456/ 291 : 1E 40                               MVI      E,40H
  457/ 293 : 7E                                  MOV      A,M
  458/ 294 : E6 0F                               ANI      0FH
  459/ 296 : CD 9B 02                            CALL     DIS
  460/ 299 : D1                                  POP      D
  461/ 29A : C9                                  RET
  462/ 29B : 17                         DIS:     RAL
  463/ 29C : 21 A2 03                            LXI      H,TAB
  464/ 29F : 01 00 00                            LXI      B,0
  465/ 2A2 : 4F                                  MOV      C,A
  466/ 2A3 : 09                                  DAD      B
  467/ 2A4 : 7E                                  MOV      A,M
  468/ 2A5 : 23                                  INX      H
  469/ 2A6 : 66                                  MOV      H,M
  470/ 2A7 : 6F                                  MOV      L,A
  471/ 2A8 : 7A                                  MOV      A,D
  472/ 2A9 : D3 00                               OUT      0
  473/ 2AB : 7B                                  MOV      A,E
  474/ 2AC : D3 01                               OUT      1  
  475/ 2AE : E9                                  PCHL
  476/ 2AF : 06 09                      DISA:    MVI      B,9
  477/ 2B1 : 14                         DISA1:   INR      D
  478/ 2B2 : 7A                                  MOV      A,D
  479/ 2B3 : D3 00                               OUT      0
  480/ 2B5 : 05                                  DCR      B
  481/ 2B6 : C2 B1 02                            JNZ      DISA1 
  482/ 2B9 : C9                                  RET
  483/ 2BA : 06 09                      DISB:    MVI      B,9
  484/ 2BC : 15                         DISB1:   DCR      D
  485/ 2BD : 7A                                  MOV      A,D
  486/ 2BE : D3 00                               OUT      0
  487/ 2C0 : 05                                  DCR      B
  488/ 2C1 : C2 BC 02                            JNZ      DISB1 
  489/ 2C4 : C9                                  RET
  490/ 2C5 : 06 07                      DISC:    MVI      B,7
  491/ 2C7 :                            
  492/ 2C7 :                            ;;;;;;;;;;;;;;;;;;;;;;;;;;;;;;;;;; PAG 10 ;;;;;;;;;;;;;;;;;;;;;;;;;;;;;;;;;
  493/ 2C7 :                            ;;;;;;;;;;;;;;;;;;;;;;;;;;;;;;;;;;;;;;;;;;;;;;;;;;;;;;;;;;;;;;;;;;;;;;;;;;;   
  494/ 2C7 :                            
  495/ 2C7 : 1C                         DISC1:   INR      E
  496/ 2C8 : 7B                                  MOV      A,E
  497/ 2C9 : D3 01                               OUT      1
  498/ 2CB : 05                                  DCR      B
  499/ 2CC : C2 C7 02                            JNZ      DISC1
  500/ 2CF : C9                                  RET
 AS V1.42 Beta [Bld 275] - Source File code.asm - Page 10 - 09/09/24 20:23:38


  501/ 2D0 : 06 07                      DISD:    MVI      B,7
  502/ 2D2 : 1D                         DISD1:   DCR      E
  503/ 2D3 : 7B                                  MOV      A,E
  504/ 2D4 : D3 01                               OUT      1
  505/ 2D6 : 05                                  DCR      B
  506/ 2D7 : C2 D2 02                            JNZ      DISD1
  507/ 2DA : C9                                  RET
  508/ 2DB : 7B                         DOWN:    MOV      A,E
  509/ 2DC : DE 07                               SBI      7
  510/ 2DE : 5F                                  MOV      E,A
  511/ 2DF : D3 01                               OUT      1
  512/ 2E1 : C9                                  RET
  513/ 2E2 : CD C5 02                   DIS0:    CALL     DISC
  514/ 2E5 : CD C5 02                            CALL     DISC  
  515/ 2E8 : CD BA 02                            CALL     DISB
  516/ 2EB : CD D0 02                            CALL     DISD
  517/ 2EE : CD D0 02                            CALL     DISD
  518/ 2F1 : CD AF 02                            CALL     DISA
  519/ 2F4 : C3 B6 03                            JMP      FIN 
  520/ 2F7 : CD C5 02                   DIS1:    CALL     DISC  
  521/ 2FA : CD C5 02                            CALL     DISC
  522/ 2FD : C3 B6 03                            JMP      FIN  
  523/ 300 : CD BA 02                   DIS2:    CALL     DISB
  524/ 303 : CD C5 02                            CALL     DISC
  525/ 306 : CD AF 02                            CALL     DISA
  526/ 309 : CD C5 02                            CALL     DISC
  527/ 30C : CD BA 02                            CALL     DISB
  528/ 30F : C3 B6 03                            JMP      FIN
  529/ 312 : CD C5 02                   DIS3:    CALL     DISC
  530/ 315 : CD C5 02                            CALL     DISC
  531/ 318 : CD BA 02                            CALL     DISB
  532/ 31B : CD DB 02                            CALL     DOWN
  533/ 31E : CD AF 02                            CALL     DISA
  534/ 321 : CD DB 02                            CALL     DOWN
  535/ 324 : CD BA 02                            CALL     DISB
  536/ 327 : C3 B6 03                            JMP      FIN
  537/ 32A : CD C5 02                   DIS4:    CALL     DISC
  538/ 32D : CD C5 02                            CALL     DISC
  539/ 330 : CD DB 02                            CALL     DOWN
  540/ 333 : CD BA 02                            CALL     DISB
  541/ 336 : CD C5 02                            CALL     DISC
  542/ 339 : C3 B6 03                            JMP      FIN
  543/ 33C : CD C5 02                   DIS5:    CALL     DISC
  544/ 33F : CD BA 02                            CALL     DISB
  545/ 342 :                            
  546/ 342 :                            ;;;;;;;;;;;;;;;;;;;;;;;;;;;;;;;;;; PAG 11 ;;;;;;;;;;;;;;;;;;;;;;;;;;;;;;;;;
  547/ 342 :                            ;;;;;;;;;;;;;;;;;;;;;;;;;;;;;;;;;;;;;;;;;;;;;;;;;;;;;;;;;;;;;;;;;;;;;;;;;;;            
  548/ 342 :                            
  549/ 342 : CD C5 02                            CALL     DISC
  550/ 345 : CD AF 02                            CALL     DISA
  551/ 348 : CD DB 02                            CALL     DOWN
  552/ 34B : CD DB 02                            CALL     DOWN
  553/ 34E : CD BA 02                            CALL     DISB
  554/ 351 : C3 B6 03                            JMP      FIN
  555/ 354 : CD C5 02                   DIS6:    CALL     DISC
  556/ 357 : CD BA 02                            CALL     DISB
  557/ 35A : CD C5 02                            CALL     DISC
  558/ 35D : CD DB 02                            CALL     DOWN  
  559/ 360 : CD D0 02                            CALL     DISD
  560/ 363 : CD AF 02                            CALL     DISA
 AS V1.42 Beta [Bld 275] - Source File code.asm - Page 11 - 09/09/24 20:23:38


  561/ 366 : C3 B6 03                            JMP      FIN
  562/ 369 : CD C5 02                   DIS7:    CALL     DISC
  563/ 36C : CD C5 02                            CALL     DISC
  564/ 36F : CD BA 02                            CALL     DISB
  565/ 372 : C3 B6 03                            JMP      FIN
  566/ 375 : CD C5 02                   DIS8:    CALL     DISC
  567/ 378 : CD BA 02                            CALL     DISB
  568/ 37B : CD C5 02                            CALL     DISC
  569/ 37E : CD AF 02                            CALL     DISA
  570/ 381 : CD D0 02                            CALL     DISD
  571/ 384 : CD DB 02                            CALL     DOWN
  572/ 387 : CD BA 02                            CALL     DISB
  573/ 38A : CD C5 02                            CALL     DISC
  574/ 38D : C3 B6 03                            JMP      FIN
  575/ 390 : CD C5 02                   DIS9:    CALL     DISC
  576/ 393 : CD C5 02                            CALL     DISC
  577/ 396 : CD BA 02                            CALL     DISB
  578/ 399 : CD D0 02                            CALL     DISD
  579/ 39C : CD AF 02                            CALL     DISA
  580/ 39F : C3 B6 03                            JMP      FIN
  581/ 3A2 : E2 02                      TAB:     DW       DIS0
  582/ 3A4 : F7 02                               DW       DIS1
  583/ 3A6 : 00 03                               DW       DIS2
  584/ 3A8 : 12 03                               DW       DIS3
  585/ 3AA : 2A 03                               DW       DIS4
  586/ 3AC : 3C 03                               DW       DIS5
  587/ 3AE : 54 03                               DW       DIS6
  588/ 3B0 : 69 03                               DW       DIS7
  589/ 3B2 : 75 03                               DW       DIS8
  590/ 3B4 : 90 03                               DW       DIS9
  591/ 3B6 : C9                         FIN:     RET
  592/ 3B7 :                                     ;
  593/ 3B7 :                                     ;-*-*-*-*-*-*-*-*-*-*-*-*-*-*-*-*-*-*-*-*
  594/ 3B7 :                                     ; LP OBTIENE UN PAR DE NUMEROS
  595/ 3B7 :                                     ; SEUDOALEATORIOS
  596/ 3B7 :                                     ;
  597/ 3B7 :                                     ;
  598/ 3B7 :                                     ;
  599/ 3B7 :                            
  600/ 3B7 :                            ;;;;;;;;;;;;;;;;;;;;;;;;;;;;;;;;;; PAG 12 ;;;;;;;;;;;;;;;;;;;;;;;;;;;;;;;;;
  601/ 3B7 :                            ;;;;;;;;;;;;;;;;;;;;;;;;;;;;;;;;;;;;;;;;;;;;;;;;;;;;;;;;;;;;;;;;;;;;;;;;;;;            
  602/ 3B7 :                            
  603/ 3B7 : 21 FE 20                   LP:      LXI      H,AZD
  604/ 3BA : CD C6 03                            CALL     ALE
  605/ 3BD : 77                                  MOV      M,A
  606/ 3BE : 21 FF 20                            LXI      H,AZE
  607/ 3C1 : CD C6 03                            CALL     ALE
  608/ 3C4 : 77                                  MOV      M,A
  609/ 3C5 : C9                                  RET
  610/ 3C6 : 0E 00                      ALE:     MVI      C,0
  611/ 3C8 : 7E                                  MOV      A,M
  612/ 3C9 : FE 00                               CPI      0
  613/ 3CB : C2 D0 03                            JNZ      SK
  614/ 3CE : 3E FF                               MVI      A,0FFH
  615/ 3D0 : 47                         SK:      MOV      B,A
  616/ 3D1 : E6 1D                               ANI      1DH
  617/ 3D3 : EA D8 03                            JPE      PAR   
  618/ 3D6 : 0E 80                               MVI      C,80H
  619/ 3D8 : 78                         PAR:     MOV      A,B
  620/ 3D9 : 0F                                  RRC
 AS V1.42 Beta [Bld 275] - Source File code.asm - Page 12 - 09/09/24 20:23:38


  621/ 3DA : E6 7F                               ANI      7FH
  622/ 3DC : 81                                  ADD      C
  623/ 3DD : 47                                  MOV      B,A
  624/ 3DE : 17                                  RAL
  625/ 3DF : 78                                  MOV      A,B
  626/ 3E0 : D2 E6 03                            JNC      POS   
  627/ 3E3 : F6 C0                               ORI      0C0H
  628/ 3E5 : C9                                  RET
  629/ 3E6 : E6 3F                      POS:     ANI      3FH
  630/ 3E8 : C9                                  RET
  631/ 3E9 :                            
  632/20F8 :                                     ORG      020F8H
  633/20F8 :                            INXY:    DS       2
  634/20FA :                            CONT:    DS       2
  635/20FC :                            PXY:     DS       2
  636/20FE :                            AZD:     DS       1
  637/20FF :                            AZE:     DS       1
  638/2100 :                                     END
 AS V1.42 Beta [Bld 275] - Source File code.asm - Page 13 - 09/09/24 20:23:38


  Symbol Table (* = unused):
  --------------------------

 ALE :                          3C6 C |
*ARCHITECTURE :                                      "x86_64-unknown-linux" - |
 AZD :                         20FE C |  AZE :                         20FF C |
*CASESENSITIVE :                  0 - |  CDIS :                         1CB C |
 COMP :                         14F C |  COMP1 :                        166 C |
*CONSTPI :     3.141592653589793239 - |  CONT :                        20FA C |
*DATE :                  "09/09/24" - |  DBOL :                         190 C |
 DIS :                          29B C |  DIS0 :                         2E2 C |
 DIS1 :                         2F7 C |  DIS2 :                         300 C |
 DIS3 :                         312 C |  DIS4 :                         32A C |
 DIS5 :                         33C C |  DIS6 :                         354 C |
 DIS7 :                         369 C |  DIS8 :                         375 C |
 DIS9 :                         390 C |  DISA :                         2AF C |
 DISA1 :                        2B1 C |  DISB :                         2BA C |
 DISB1 :                        2BC C |  DISC :                         2C5 C |
 DISC1 :                        2C7 C |  DISD :                         2D0 C |
 DISD1 :                        2D2 C |  DISM :                         25C C |
 DOWN :                         2DB C | *FALSE :                          0 - |
 FIN :                          3B6 C |  FINP1 :                        171 C |
 FINP2 :                        17A C |  FINPA :                        16F C |
 FINR :                         21C C | *FLOATMAX :   1.18973149535725E4932 - |
*HAS64 :                          1 - |  INXY :                        20F8 C |
 L1 :                           1D4 C |  L11 :                          1A0 C |
 L12 :                          1AB C |  L13 :                          1B6 C |
 L14 :                          1C0 C |  L2 :                           1DE C |
 L23 :                          243 C |  L24 :                          254 C |
 L3 :                           1E8 C |  L4 :                           1F2 C |
 LA :                            14 C |  LA1 :                           1B C |
 LA11 :                          3B C |  LA2 :                           3D C |
 LB :                            48 C |  LB1 :                           4F C |
 LB11 :                          6F C |  LB2 :                           71 C |
 LC :                            7F C |  LC1 :                           86 C |
 LC11 :                         0A6 C |  LC2 :                          0A8 C |
 LD :                           0B3 C |  LD1 :                          0BA C |
 LD11 :                         0DA C |  LD2 :                          0DC C |
*LISTON :                         1 - |  LOOP1 :                        0FF C |
 LOOP2 :                        127 C |  LOOP3 :                        10C C |
 LOOP4 :                        134 C |  LP :                           3B7 C |
*MACEXP :                         7 - |  MINY :                         0EA C |
 MINY1 :                        0F8 C | *MOMCPU :                      8080 - |
*MOMCPUNAME :                "8080" - | *NESTMAX :                      100 - |
 PAL :                          21D C |  PAR :                          3D8 C |
 POS :                          3E6 C |  PXY :                         20FC C |
 R1 :                           206 C |  R2 :                           204 C |
 RECT :                         1CE C |  RED :                          1FE C |
*RELAXED :                        0 - |  SK :                           3D0 C |
 STOP :                         184 C |  STOP1 :                        187 C |
 TAB :                          3A2 C | *TIME :                  "20:23:38" - |
*TRUE :                           1 - | *VERSION :                     142F - |
*Z80SYNTAX :                      0 - |

     97 symbols
     17 unused symbols

 AS V1.42 Beta [Bld 275] - Source File code.asm - Page 14 - 09/09/24 20:23:38


  Defined Macros:
  ---------------

REBOTE                                |

      1 macro

 AS V1.42 Beta [Bld 275] - Source File code.asm - Page 15 - 09/09/24 20:23:38


  Code Pages:
  ----------

STANDARD (0 changed characters)

1 code page

0.01 seconds assembly time

    638 lines source file
    678 lines incl. macro expansions
      2 passes
      0 errors
      0 warnings
